// Jest Snapshot v1, https://goo.gl/fbAQLP

exports[`matches snapshot 1`] = `
<DocumentFragment>
  <form
    class="new-todo-form"
  >
    <input
      data-testid="todo-input"
      placeholder="Enter a new todo"
      type="text"
      value=""
    />
    <button
      data-testid="add-todo-btn"
      type="submit"
    >
      Add Todo
    </button>
  </form>
</DocumentFragment>
`;
